border_size=1
usage=map

Ms          , Ms          , Ms          , Mm          , Ha          , Mm          , Ms          , Mm          , Mm          , Mm          , Mm          , Ms          , Ms          , Ms          , Ms          , Ms          , Ms          , Ms          , Ms          , Ms          , Ms          , Ms          , Ha          , Ms          , Ms          , Mm          , Mm          , Mm          , Mm          , Mm          , Mm          , Mm          , Ms          , Mm          , Mm          , Mm          , Mm          , Mm          , Ms          , Mm          , Ms          , Mm          , Ms          , Mm          , Ms          , Mm          , Ms          , Mm          , Mm          , Mm          , Mm          , Mm          , Mm          , Mm          , Ms          , Mm          , Mm          , Mm          , Ms          , Mm          , Mm          , Mm          , Ms          , Mm          
Ms          , Ms          , Ms          , Ms          , Ha          , Ha          , Ms          , Ms          , Ms          , Mm          , Mm          , Mm          , Mm          , Ms          , Ms          , Ms          , Mm          , Ms          , Ms          , Ms          , Ms          , Ms          , Ha          , Ms          , Mm          , Mm          , Mm          , Mm          , Ms          , Ms          , Hh          , Ha          , Hh          , Ms          , Ms          , Mm          , Mm          , Mm          , Mm          , Ms          , Mm          , Ms          , Ms          , Ha          , Ha          , Ha          , Mm          , Mm          , Mm          , Mm          , Ms          , Mm          , Mm          , Mm          , Mm          , Ms          , Ms          , Mm          , Ha          , Ms          , Hh          , Mm          , Mm          , Ms          
Ms          , Ms          , Ms          , Ms          , Ms          , Ha          , Ha          , Ms          , Ms          , Ha          , Ms          , Mm          , Ha          , Ms          , Mm^Vc       , Mm          , Mm          , Mm          , Mm          , Ms          , Ms          , Ha          , Ms          , Ms          , Ms          , Mm          , Ms          , Ha          , Ms          , Ha          , Ww          , Ww          , Hh          , Hh          , Ha          , Ms          , Ms          , Mm          , Ms          , Mm          , Mm          , Mm          , Ms          , Ha          , Mm          , Mm          , Mm          , Mm          , Ms          , Mm^Vc       , Ms          , Ms          , Ms          , Mm          , Mm          , Mm          , Ha          , Mm          , Ce          , Ce          , Mm          , Ms          , Ha          , Mm          
Ms          , Ms          , Ms          , Ms          , Ms          , Mm          , Ha          , Hh          , Hh          , Hh          , Hh          , Hh          , Ms          , Ms          , Ms          , Ms          , Ms          , Mm          , Mm          , Mm          , Ha          , Ha          , Ms          , Ms          , Ms          , Ms          , Ms          , Ha          , Ww          , Ww          , Ww          , Ww          , Ww          , Ww          , Hh          , Ms          , Ha          , Ms          , Ha          , Ms          , Ha          , Ha          , Ha          , Ha          , Ha          , Mm          , Ha          , Ms          , Ha          , Ha          , Ha          , Ms          , Ha          , Ms          , Ms          , Ha          , Mm          , Mm          , Mm          , 5 Ke        , Ce          , Hh          , Ms          , Ms          
Ms          , Ms          , Ms          , Ms          , Ms          , Mm          , Hh          , Hh          , Hh^Fds      , Ce          , Hh          , Hh          , Ms          , Ha          , Mm          , Ms          , Ms          , Ms          , Ha          , Ms          , Ms          , Ms          , Ms          , Ms          , Mm          , Ms          , Hh          , Hh          , Ww          , Ww          , Wo          , Wo          , Ww          , Ww          , Ds          , Ha          , Mm          , Ha          , Mm          , Mm          , Mm          , Mm          , Mm          , Mm          , Mm          , Ha          , Mm          , Ms          , Ms          , Ha          , Ha          , Ha          , Ms          , Ha          , Mm          , Ha          , Ms          , Hh          , Hh          , Ce          , Hh          , Mm          , Ha          , Ms          
Ms          , Ms          , Ms          , Mm          , Mm          , Mm          , Hh          , Ce          , 1 Ke        , Ce          , Ce          , Hh          , Hh          , Mm          , Mm          , Mm          , Gs^Fp       , Hh^Fp       , Hh^Fp       , Hh          , Ms          , Ms          , Mm          , Mm          , Mm          , Mm          , Ha          , Ds          , Ww          , Ww          , Wo          , Wo          , Wo          , Ww          , Ww          , Ha          , Mm          , Mm          , Mm          , Mm          , Mm          , Mm          , Mm          , Mm          , Mm          , Mm          , Mm          , Mm          , Ms          , Ms          , Ha          , Ms          , Mm          , Mm          , Mm          , Mm          , Ms          , Mm          , Mm          , Mm          , Ha          , Mm          , Ms          , Ms          
Ms          , Ms          , Mm          , Ms          , Mm          , 2 Mm        , Hh          , Ce          , Hh^Fds      , Hh^Fds      , Hh          , Hh          , Mm          , Mm          , Hh          , Mm          , Hh^Fp       , Gs^Fp       , Gs^Fp       , Ms          , Ms          , Mm          , Mm          , Mm          , Ms          , Ha          , Hh          , Ds          , Ww          , Ww          , Ww          , Wo          , Ww          , Ww          , Ww          , Mm          , Mm          , Mm          , Mm          , Mm          , Mm          , Mm          , Mm          , Mm          , Mm          , Mm          , Mm          , Ms          , Ha          , Ha          , Ms          , Mm          , Mm          , Mm          , Mm          , Mm          , Ms          , Ms          , Ms          , Mm          , Ms          , Ms          , Ms          , Ms          
Mm          , Mm          , Mm          , Mm          , Mm          , Ha          , Hh          , Ce          , Hh          , Hh          , Hh          , Mm          , Hh          , Hh          , Mm          , Hh          , Gs^Fp       , Gs^Fp       , Gs^Fp       , Gs^Fp       , Hh^Fp       , Ms          , Mm          , Ms          , Ha          , Ha          , Hh^Fp       , Gs^Fp       , Gs^Fp       , Ww          , Ww          , Ww          , Ww          , Ww          , Ww          , Hh^Fp       , Gs^Fp       , Hh^Fp       , Gs^Fp       , Gs^Fp       , Gs^Fp       , Gs^Fp       , Mm          , Mm          , Mm          , Mm          , Mm          , Mm          , Ms          , Ms          , Mm          , Mm          , Mm          , Mm          , Mm          , Mm          , Mm          , Ms          , Ms          , Ha          , Ms          , Ms          , Ms          , Ms          
Ms          , Mm          , Mm          , Mm          , Mm          , Ha          , Hh          , Hh          , Hh          , Hh          , Hh          , Gg          , Mm          , Mm          , Mm          , Hh          , Hh^Fp       , Gs^Fp       , Gs^Fp       , Gs^Fp       , Gs^Fp       , Mm          , Mm          , Mm          , Mm          , Ms          , Gs^Fp       , Gs^Fp       , Gs^Fp       , Hh^Fp       , Gs^Fp       , Ww          , Ds          , Ww          , Gs^Fp       , Gs^Fp       , Gs^Fp       , Gs^Fp       , Gs^Fp       , Gs^Fp       , Gs^Fp       , Gs^Fp       , Gs^Fp       , Gs^Fp       , Hh^Fp       , Mm          , Mm          , Ha          , Mm          , Mm          , Mm          , Mm          , Mm          , Mm          , Mm          , Mm          , Mm          , Mm          , Ms          , Ha          , Mm          , Mm          , Mm          , Ms          
Ms          , Ms          , Ms          , Mm          , Mm          , Mm          , Hh          , Hh          , Gg          , Hh          , Gg          , Gg          , Hh          , Hh          , Mm          , Mm          , Hh^Fp       , Gs^Fp       , Hh^Fp       , Gs^Fp       , Gs^Fp       , Hh^Fp       , Gs^Fp       , Hh^Fp       , Gs^Fp       , Gs^Fp       , Gs^Fp       , Gs^Fp       , Hh^Fp       , Gs^Fp       , Gs^Fp       , Gs^Fp       , Gs^Fp       , Gs^Fp       , Gs^Fp       , Gs^Fp       , Hh^Fp       , Hh^Fp       , Gs^Fp       , Hh^Fp       , Gs^Fp       , Gs^Fp       , Gs^Fp       , Gs^Fp       , Gs^Fp       , Gs^Fp       , Gs^Fp       , Gs^Fp       , Mm          , Mm          , Mm          , Mm          , Mm          , Mm          , Mm          , Mm          , Mm          , Ms          , Ha          , Ha          , Ms          , Mm          , Ms          , Ms          
Ms          , Ms          , Ha          , Ha          , Ha          , Mm          , Ha          , Ha          , Gg          , Gg          , Hh          , Gg          , Hh^Vhh      , Mm          , Mm          , Hh          , Gs^Fp       , Gs^Fp       , Gs^Fp       , Gs^Fp       , Gs^Fp       , Gs^Fp       , Gs^Fp       , Gs^Fp       , Gs^Fp       , Gs^Fp       , Hh^Fdf      , Gs^Fp       , Hh^Fdf      , Hh^Fp       , Gs^Fp       , Gs^Fp       , Gs^Fp       , Gs^Fp       , Gs^Fp       , Gs^Fp       , Gs^Fp       , Gs^Fp       , Gs^Fp       , Gs^Fp       , Hh^Fp       , Gs^Fp       , Hh^Fp       , Gs^Fp       , Hh^Fp       , Gs^Fp       , Gs^Fp       , Gs^Fp       , Mm          , Mm          , Mm          , Mm          , Mm          , Mm^Vc       , Mm          , Mm          , Ms          , Ha          , Ms          , Ms          , Ms          , Ms          , Ms          , Ms          
Ms          , Ha          , Ms          , Ms          , Mm          , Ha          , Hh          , Hh          , Hh          , Hh          , Mm          , Mm          , Mm          , Hh          , Mm          , Mm          , Hh^Fp       , Gs^Fp       , Gs^Fp       , Gs^Fp       , Gs^Fp       , Gs^Fp       , Gg^Ve       , Gs^Fp       , Hh^Fdf      , Hh^Fdf      , Hh^Fdf      , Hh^Fdf      , Hh^Fdf      , Gs^Fp       , Gs^Fp       , Hh^Fp       , Gs^Fp       , Hh^Fp       , Hh^Fp       , Gs^Fp       , Gs^Fp       , Gs^Fp       , Gs^Fp       , Gs^Fp       , Hh^Fp       , Hh          , Hh          , Hh^Fp       , Hh^Fp       , Hh^Fp       , Hh^Fp       , Hh^Fp       , Hh^Fp       , Hh^Fp       , Mm          , Mm          , Mm          , Mm          , Mm          , Mm          , Ha          , Ha          , Ms          , Ms          , Mm^Vc       , Ms          , Ms          , Ms          
Ms          , Ha          , Mm          , Mm          , Mm          , Ms          , Ha          , Hh          , Mm          , Hh          , Ha          , Mm          , Mm          , Hh^Fms      , Mm          , Hh^Fp       , Gs^Fp       , Gs^Fp       , Gs^Fp       , Gs^Fp       , Gs^Fp       , Ww          , Ww          , Ww          , Ww          , Ww          , Ww          , Ww          , Ww          , Ww          , Ww          , Mm          , Mm          , Hh          , Hh          , Hh          , Ch          , Gs^Fp       , Ch          , Gs^Fp       , Hh          , Hh          , Hh          , Hh          , Hh          , Hh          , Hh          , Hh          , Hh          , Hh          , Hh          , Ha          , Mm          , Mm          , Ms          , Ms          , Ha          , Ms          , Mm          , Mm          , Mm          , Ms          , Ms          , Ms          
Ms          , Mm          , Ms          , Mm          , Mm          , Mm          , Mm          , Mm          , Mm          , Mm          , Mm          , Mm          , Mm          , Hh          , Hh          , Hh^Fms      , Gg          , Gg          , Gg          , Gg          , Gg          , Hh^Fdf      , Gg          , Ww          , Ww          , Wo          , Wo          , Ww          , Wo          , Ww          , Ww          , Ww          , Ww          , Ww          , Ww          , Ww          , Gg^Fet      , 4 Kh        , Ch          , Mm          , Mm          , Mm          , Mm          , Mm          , Mm          , Mm          , Mm          , Mm          , Mm          , Mm          , Mm          , Hh          , Hh          , Mm          , Ha          , Ha          , Mm          , Mm          , Mm          , Mm          , Mm          , Mm          , Mm          , Ms          
Mm          , Mm          , Mm          , Ms          , Ms          , Mm          , Mm          , Mm          , Mm          , Mm          , Mm          , Mm          , Mm          , Hh          , Hh          , Gg          , Hh          , Gg          , Gg          , Gs^Fp       , Gs^Fp       , Hh^Fdf      , Ww          , Ww          , Ww          , Wo          , Wo          , Wo          , Wo          , Wo          , Wo          , Ww          , Wo          , Ww          , Ww          , Ww          , Ch          , Gg^Efm         , Ch          , Hh^Fms      , Hh^Fms      , Hh^Fms      , Hh^Fms      , Hh          , Gg^Ve       , Mm          , Mm          , Mm          , Mm          , Mm          , Mm          , Mm          , Hh          , Ha          , Mm          , Mm          , Mm          , Mm          , Mm          , Mm          , Mm          , Mm          , Ms          , Ms          
Ms          , Mm          , Ms          , Ms          , Mm          , Mm          , Mm          , Mm          , Mm          , Mm          , Mm          , Mm          , Mm          , Hh          , Hh          , Hh          , Hh^Fdw      , Hh^Fdw      , Hh^Fdw      , Hh^Fdw      , Gs^Fp       , Gs^Fp       , Hh^Fdf      , Hh^Fdf      , Ww          , Ww          , Ww          , Ww          , Ww          , Wo          , Wo          , Wo          , Wo          , Wo          , Ww          , Ww          , Hh^Fdf      , Hh          , Re          , Gg          , Gg          , Hh^Fp       , Hh^Fp       , Hh^Fp       , Hh^Fp       , Hh^Fp       , Hh^Fp       , Hh^Fp       , Hh^Fp       , Hh^Fp       , Hh^Fp       , Hh^Fp       , Hh          , Hh          , Mm          , Mm          , Mm          , Mm          , Mm          , Mm          , Mm          , Mm          , Mm          , Ms          
Ms          , Ms          , Ms          , Ms          , Ms          , Mm^Vc       , Mm          , Mm          , Mm          , Mm          , Mm          , Mm          , Hh          , Hh          , Hh^Fms      , Hh^Fdw      , Hh^Fdw      , Hh^Fdw      , Hh^Fp       , Gs^Fp       , Gs^Fp       , Gs^Fp       , Gs^Fp       , Hh^Fdf      , Hh^Fdf      , Hh^Fdf      , Gs^Fp       , Ww          , Ww          , Ww          , Ww          , Ww          , Ww          , Ww          , Ww          , Ww          , Hh^Fdf      , Hh^Fp       , Re          , Re          , Gg          , Hh          , Hh          , Hh^Fms      , Hh^Fms      , Hh          , Hh^Fms      , Hh          , Hh^Fp       , Hh^Fp       , Hh^Fp       , Hh^Fp       , Hh^Fp       , Hh^Fp       , Hh^Fp       , Hh^Fp       , Mm          , Mm          , Mm          , Mm          , Mm          , Mm          , Mm          , Ms          
Ms          , Ms          , Mm          , Mm          , Mm          , Ms          , Ms          , Mm          , Ha          , Ha          , Hh          , Hh          , Hh          , Hh^Fms      , Hh^Fms      , Hh^Fp       , Gs^Fp       , Hh^Fp       , Gs^Fp       , Gs^Fp       , Hh^Fp       , Gs^Fp       , Gs^Fp       , Gs^Fp       , Gs^Fp       , Gs^Fp       , Gs^Fp       , Re          , Re          , Hh^Fdf      , Ww          , Ww          , Ww          , Ww          , Ww          , Ww          , Hh^Fdf      , Hh^Fdf      , Re          , Re          , Gs^Fp       , Hh^Fp       , Gs^Fp       , Hh          , Hh          , Hh^Fp       , Hh^Fms      , Hh          , Hh^Fms      , Hh          , Hh          , Hh^Fp       , Hh^Fp       , Hh^Fp       , Hh^Fp       , Hh^Fp       , Hh^Fp       , Mm          , Ms          , Mm          , Mm          , Mm          , Mm          , Mm          
Mm          , Mm          , Mm          , Mm          , Ms          , Ms          , Ms          , Ha          , Mm          , Mm          , Mm          , Mm          , Mm          , Mm          , Mm          , Mm          , Mm          , Mm          , Mm          , Mm          , Gg^Ve       , Gg          , Gg          , Gg          , Gg          , Re          , Re          , Re          , Re          , Re          , Re          , Re          , Re          , Re          , Re          , Re          , Re          , Re          , Re          , Ww          , Ww          , Mm          , Mm          , Mm          , Mm          , Mm          , Mm          , Mm          , Mm          , Mm          , Mm          , Mm          , Mm          , Mm          , Mm          , Mm          , Mm          , Ha          , Ha          , Mm          , Mm          , Mm          , Ms          , Ms          
Ha          , Mm          , Ha          , Ha          , Ms          , Ha          , Mm          , Mm          , Mm          , Mm          , Mm^Vc       , Mm          , Mm          , Hh          , Hh          , Hh          , Hh          , Hh          , Hh          , Hh          , Gg          , Gg          , Gg          , Gg          , Re          , Re          , Gg^Vh       , Gg          , Gg          , Gg          , Gg          , Gg          , Gg          , Gg          , Gg          , Gg          , Gg          , Gg^Vh       , Gg          , Ww          , Ww          , Ww          , Ww          , Mm          , Mm          , Mm          , Mm          , Mm          , Mm          , Mm          , Mm          , Mm          , Mm          , Mm          , Mm          , Mm          , Mm          , Ms          , Ms          , Ha          , Ha          , Ms          , Ms          , Ms          
Ms          , Ha          , Ms          , Ms          , Mm          , Ms          , Ms          , Mm          , Mm          , Mm          , Mm          , Hh          , Hh          , Hh          , Hh          , Hh          , Hh          , Gg          , Gg          , Gg          , Gg          , Gg          , Re          , Re          , Hh          , Hh          , Hh          , Hh          , Hh          , Gg          , Hh          , Gg          , Gg          , Gg          , Hh          , Hh          , Hh          , Gg          , Hh          , Gg          , Gg          , Gg          , Gg          , Ha          , Mm          , Mm          , Mm          , Mm          , Mm          , Mm          , Mm          , Mm          , Mm          , Mm          , Mm          , Mm          , Mm          , Mm          , Ms          , Ms          , Ms          , Ha          , Ha          , Ms          
Ms          , Ms          , Ms          , Mm          , Mm          , Mm          , Mm          , Ms          , Ms          , Mm          , Hh          , Hh          , Hh          , Hh          , Gg          , Hh          , Gg          , Gg          , Hh          , Hh          , Hh          , Re          , Re          , Hh          , Hh          , Hh          , Hh          , Hh          , Hh          , Hh          , Hh          , Hh          , Gg^Vh       , Hh          , Hh          , Hh          , Hh          , Hh          , Hh          , Hh          , Hh          , Gg          , Gg          , Ha          , Ha          , Ha          , Ha          , Ha          , Mm          , Mm          , Mm          , Mm          , Mm          , Mm          , Mm          , Mm          , Mm          , Ms          , Ms          , Ms          , Ms          , Ha          , Ms          , Ms          
Ms          , Ms          , Ms          , Ms          , Mm          , Mm          , Mm          , Mm          , Mm          , Hh          , Hh          , Hh          , Gg          , Gg          , Gg          , Gg          , Gg          , Gg          , Hh          , Hh          , Re          , Re          , Hh          , Hh          , Hh          , Hh          , Hh          , Hh          , Hh          , Hh          , Hh^Fp       , Hh^Fp       , Hh^Fp       , Hh^Fp       , Hh^Fp       , Hh          , Hh          , Hh          , Hh          , Hh          , Hh          , Hh          , Hh          , Gg          , Gg^Vh       , Ha          , Ha          , Ha          , Ha          , Ha          , Ha          , Mm          , Ha          , Mm          , Mm          , Mm^Vc       , Mm          , Ms          , Ms          , Ms          , Ms          , Ms          , Ms          , Ms          
Ms          , Ms          , Mm          , Mm          , Mm          , Mm          , Ms          , Ms          , Mm          , Hh          , Hh          , Gg          , Gg          , Gg          , Hh          , Hh          , Hh          , Hh          , Hh          , Hh          , Re          , Re          , Hh          , Hh          , Mm          , Hh          , Hh          , Hh^Fp       , Hh^Fp       , Hh^Fp       , Hh^Fp       , Hh^Fp       , Hh^Fp       , Hh^Fp       , Hh          , Hh          , Hh          , Hh          , Ha          , Mm          , Mm          , Mm          , Mm          , Mm          , Mm          , Mm          , Mm          , Ha          , Mm          , Mm          , Mm          , Ha          , Ms          , Ha          , Ha          , Ha          , Ha          , Ms          , Ms          , Ms          , Ms          , Ms          , Ms          , Ms          
Ms          , Mm          , Mm          , Mm          , Ms          , Ms          , Ms          , Ms          , Ha          , Hh          , Hh          , Gg          , Gg          , Gg          , Hh          , Hh          , Mm          , Mm          , Hh^Fp       , Hh^Fp       , Re          , Re          , Hh          , Mm          , Hh          , Hh^Fp       , Hh^Fp       , Hh^Fp       , Hh^Fp       , Hh^Fp       , Hh^Fp       , Hh^Fp       , Hh^Fp       , Hh^Fp       , Hh^Fp       , Hh          , Hh          , Hh          , Mm          , Ha          , Ha          , Mm          , Ms          , Mm          , Ha          , Ha          , Mm          , Mm          , Mm          , Mm          , Mm          , Ha          , Ha          , Ms          , Ms          , Ms          , Ms          , Ha          , Ha          , Ms          , Ms          , Ms          , Ms          , Ms          
Ms          , Ms          , Ms          , Ms          , Ha          , Ha          , Ha          , Ha          , Mm          , Ha          , Hh          , Hh          , Hh          , Gg^Vh       , Hh          , Hh          , Hh          , Hh          , Hh          , Hh^Fp       , Hh^Fp       , Re          , Re          , Hh          , Hh          , Hh          , Hh^Fp       , Hh^Fp       , Hh^Fp       , Hh^Fp       , Hh^Fp       , Hh^Fp       , Hh^Fp       , Hh^Fp       , Hh^Fp       , Hh^Fp       , Hh^Fp       , Hh^Fp       , Mm          , Mm          , Mm          , Ha          , Ha          , Ha          , Mm          , Mm          , Mm          , Mm          , Mm          , Mm          , Mm          , Mm          , Ha          , Ms          , Ms          , Ms          , Ms          , Ms          , Ms          , Ha          , Ha          , Ha          , Ms          , Ms          
Ms          , Ms          , Ms          , Ms          , Ha          , Ms          , Mm^Vc       , Mm          , Mm          , Mm          , Mm          , Hh          , Hh          , Hh          , Hh          , Hh          , Hh          , Hh          , Co          , Hh          , Co          , Co          , Re          , Re          , Mm          , Mm          , Hh          , Hh^Fp       , Hh          , Hh          , Hh^Fp       , Hh^Fp       , Hh^Fp       , Hh^Fp       , Hh^Fp       , Hh^Fp       , Mm          , Mm          , Mm          , Mm          , Ms          , Mm          , Ha          , Mm          , Mm          , Mm          , Mm          , Mm          , Mm          , Mm          , Mm          , Mm          , Ha          , Ha          , Ms          , Ms          , Ms          , Ms          , Ms          , Ms          , Ms          , Ha          , Ha          , Ms          
Ms          , Ms          , Ha          , Ha          , Mm          , Mm          , Mm          , Ms          , Ms          , Mm          , Mm          , Mm          , Ha          , Hh          , Hh          , Hh          , Ha          , Hh          , Co          , Co          , 3 Ko        , Co          , Re          , Re          , Mm          , Mm          , Hh          , Hh          , Hh          , Mm          , Mm          , Mm          , Gg^Ve       , Hh^Fp       , Hh^Fp       , Hh^Fp       , Mm          , Mm          , Mm          , Mm          , Ms          , Ms          , Ha          , Mm          , Mm          , Mm          , Mm          , Mm          , Mm          , Mm          , Mm          , Mm^Vc       , Mm          , Ha          , Ms          , Ms          , Ms          , Ms          , Ms          , Ms          , Ms          , Ms          , Mm^Vc       , Ha          
Ha          , Ha          , Ms          , Mm          , Mm          , Mm          , Ms          , Ms          , Ms          , Ms          , Ms          , Ms          , Mm          , Ms          , Ms          , Ms          , Ms          , Ms          , Hh          , Co          , Co          , Hh          , Re          , Re          , Mm          , Mm          , Mm          , Hh          , Hh          , Hh          , Hh          , Hh          , Hh          , Hh          , Hh          , Mm          , Mm          , Mm          , Mm          , Mm          , Ms          , Ms          , Ha          , Mm          , Ms          , Ms          , Ms          , Mm          , Mm          , Mm          , Mm          , Mm          , Ms          , Ha          , Ha          , Ms          , Ms          , Ms          , Ms          , Ms          , Ms          , Ms          , Mm          , Mm          
Ms          , Ms          , Ms          , Ms          , Ms          , Mm          , Ms          , Ms          , Ms          , Ms          , Ms          , Ms          , Mm          , Mm          , Mm          , Ms          , Ms          , Ms          , Ha          , Hh          , Hh          , Hh          , Re          , Re          , Mm          , Mm          , Mm          , Hh          , Hh          , Hh          , Hh          , Hh          , Hh          , Hh          , Hh          , Mm          , Mm          , Mm          , Ms          , Ms          , Ms          , Ms          , Ms          , Ha          , Ms          , Ms          , Ms          , Ms          , Ms          , Ms          , Ms          , Ms          , Ms          , Ha          , Ms          , Ms          , Ms          , Ms          , Ms          , Ms          , Ms          , Ms          , Mm          , Mm          
