border_size=1
usage=map

Md          , Md          , Ce          , Md          , Md          , Md          , Hhd         , Md          , Hhd         , Md          , Md          , Md          , Md          , Md          , Md          , Md          , Md          , Md          , Hhd         , Md          , Hd          , Hd          
Md          , Hhd         , Ce          , Hd          , Hhd         , Hh^Vhh      , Hhd         , Md          , Hhd         , Hhd         , Hhd         , Md          , Md          , Uu^Vu       , Md          , Hhd         , Md          , Md          , Hhd         , Hd          , Hhd         , Hd          
Ce          , Ce          , 3 Ke        , Ce          , Hd          , Hhd         , Hd          , Hd          , Hd          , Hd          , Hd          , Md          , Hhd         , Md          , Hhd         , Hhd         , Chr         , Chr         , Chr         , Md          , Md          , Hd          
Ce          , Ce          , Ce          , Ce          , Hhd         , Hd          , Hhd^Vhhr    , Hhd^Vhhr    , Ww          , Ww          , Ww          , Hd          , Hd          , Hd          , Re          , Hd          , Chr         , 2 Kh        , Chr         , Hhd         , Md          , Hhd         
Md          , Hhd         , Hhd         , Hd          , Md          , Hd          , Hd          , Hd          , Ww          , Wo          , Ww          , Hhd^Vhhr    , Hh          , Re          , Hh          , Re          , Hd          , Chr         , Hhd         , Md          , Md          , Hd          
Hd          , Hd          , Hd          , Md          , Md          , Md          , Hhd         , Hd          , Hd          , Ww          , Hh          , Hh          , Re          , Re          , Hh          , Hhd^Vhhr    , Hh          , Hd          , Hd          , Md          , Md          , Md          
Hh          , Hhd^Vhhr    , Hd          , Hd          , Hd          , Hd          , Hd          , Hd          , Hh          , Hh          , Hh          , Re          , Hh          , Hh          , Md          , Hh          , Hh          , Hh          , Hd          , Uu^Vu       , Md          , Md          
Hh          , Hh          , Hh          , Hh          , Hh          , Md          , Hh          , Hh          , Hh          , Hh          , Re          , Re          , Hh          , Md          , Md          , Hh          , Hd          , Hd          , Hhd         , Md          , Md          , Md          
Re          , Re          , Hh          , Hh          , Gg^Ve       , Hh          , Hh          , Md          , Hh          , Re          , Hh          , Hh          , Hh          , Hh          , Hh          , Hh          , Hd          , Md          , Md          , Md          , Hd          , Hd          
Re          , Re          , Re          , Hh          , Re          , Hh          , Hh          , Hh          , Re          , Re          , Hh          , Hh          , Hh          , Hh          , Hh          , Hhd^Vhhr    , Hd          , Md          , Md          , Md          , Hhd         , Hd          
Re          , Re          , Re          , Re          , Re          , Re          , Re          , Hh          , Re          , Hh          , Hh          , Hh          , Hh          , Hh          , Hh          , Hh          , Hd          , Hhd         , Md          , Md          , Hd          , Hd          
Hh          , Hh          , Hh          , Hhd^Vhhr    , Hh          , Re          , Re          , Hh^Fds      , Re          , Hh          , Hh          , Hh          , Hh          , Hh          , Hh          , Hd          , Hhd         , Md          , Md          , Hd          , Hh          , Hh          
Md          , Md          , Hh          , Hh          , Hh          , Hh          , Hh          , Re          , Re          , Re          , Re          , Hhd^Vhhr    , Hh          , Hh          , Hh          , Hd          , Md          , Md          , Hhd         , Hd          , Hh          , Hh          
Hh          , Md          , Hh          , Hh          , Hh          , Hh          , Hh          , Hh          , Hh          , Re          , Re          , Re          , Re          , Hh          , Hh          , Hd          , Hd          , Md          , Hd          , Hd          , Hhd^Vhhr    , Hh          
Hh          , Hh          , Hh          , Hh          , Hh          , Hh          , Hh          , Hh          , Hh          , Hh          , Hh          , Hh          , Hh          , Re          , Re          , Hh          , Hh          , Hd          , Hh          , Hh          , Hh^Fms      , Hh          
Hh          , Hh          , Hd          , Hd          , Hd          , Hh          , Hh          , Hh          , Hh          , Hhd^Vhhr    , Hh          , Hh          , Hh          , Re          , Re          , Re          , Re          , Hh          , Hh          , Hh          , Hh^Fms      , Hh^Fms      
Hd          , Hd          , Hhd         , Hhd         , Hhd         , Hd          , Hd          , Hh          , Hh          , Hh          , Hhd^Vhhr    , Hh          , Hh          , Hh          , Hh          , Re          , Re          , Re          , Re          , Hh          , Hh          , Hh^Fms      
Md          , Hhd         , Md          , Md          , Md          , Hhd         , Hhd         , Hd          , Hd          , Hd          , Hd          , Hd          , Hd          , Hh          , Hd          , Hh          , Re          , 1 Re        , Re          , Re          , Hh          , Hh^Fms      
Md          , Md          , Md          , Md          , Md          , Md          , Md          , Hhd         , Hhd         , Hhd         , Hhd         , Hhd         , Hhd         , Hd          , Hhd         , Hd          , Ww          , Ww          , Ww          , Re          , Re          , Re          
Md          , Md          , Md          , Md          , Md          , Md          , Md          , Md          , Md          , Md          , Md          , Md          , Md          , Md          , Md          , Hd          , Ww          , Ww          , Ww          , Re          , Re          , Re          
Md          , Md          , Md          , Md          , Md          , Md          , Md          , Md          , Md          , Md          , Md          , Md          , Md          , Md          , Hhd         , Hd          , Hd          , Ww          , Hh          , Re          , Re          , Re          
Md          , Md          , Md          , Md          , Md          , Md          , Md          , Md          , Md          , Md          , Md          , Md          , Md          , Md          , Md          , Md          , Hd          , Ww          , Hh          , Re          , Re          , Re          
