border_size=1
usage=map

Aa^Fpa      , Aa^Fpa      , Aa^Fpa      , Aa^Fpa      , Aa^Fpa      , Aa^Fpa      , Aa^Fpa      , Aa^Fpa      , Aa^Fpa      , Aa^Fpa      , Aa^Fpa      , Aa          , Rd          , Rd          , Rd          , Rd          , Rd          , Rd          , Aa          , Rd          , Rd          , Rd          , Rd          , Rd          , Rd          , Rd          , Rd          , Aa          , Aa          , Aa          , Aa          , Aa          
Aa^Fpa      , Aa^Fpa      , Aa^Fpa      , Aa^Fpa      , Aa^Fpa      , Aa^Fpa      , Aa^Fpa      , Aa^Fpa      , Aa^Fpa      , Aa^Fpa      , Aa^Fpa      , Aa          , Rd          , Rd          , Rd          , Rd          , Rd          , Rd          , Aa          , Rd          , Rd          , Rd          , Rd          , Rd          , Rd          , Rd          , Rd          , Aa          , Aa          , Aa          , Aa          , Aa          
Aa^Fpa      , Aa^Fpa      , Aa^Fpa      , Aa^Fpa      , Aa^Fpa      , Aa^Fpa      , Aa^Fpa      , Aa^Fpa      , Aa^Fpa      , Aa^Fpa      , Aa          , Ai          , Rd          , Rd          , Rd          , Rd          , Ai          , Aa^Vha      , Rd          , Rd          , Rd          , Rd          , Rd          , Rd          , Rd          , Rd          , Rd          , Aa          , Aa          , Aa          , Aa          , Aa          
Aa^Fpa      , Aa^Fpa      , Aa^Fpa      , Aa^Fpa      , Aa^Fpa      , Aa^Fpa      , Aa^Fpa      , Aa^Fpa      , Aa          , Aa          , Aa          , Ai          , Aa          , Rd          , Rd          , Rd          , Rd          , Rd          , Rd          , Rd          , Rd          , Rd          , Ai          , Rd          , Rd          , Rd          , Rd          , Aa          , Aa          , Aa^Vha      , Aa          , Aa          
Aa^Fpa      , Aa^Fpa      , Aa^Fpa      , Aa^Fpa      , Aa          , Aa^Fpa      , Aa          , Aa          , Aa          , Aa          , Aa          , Aa          , Aa          , Rd          , Rd          , Rd          , Rd          , Rd          , Rd          , Rd          , Rd          , Aa          , Aa          , Ai          , Ai          , Rd          , Rd          , Rd          , Rd          , Aa          , Aa          , Aa          
Aa^Fpa      , Aa^Fpa      , Chw         , Aa^Fpa      , Aa          , Aa          , Aa          , Aa^Vha      , Aa          , Aa          , Aa^Vea      , Aa          , Aa          , Aa          , Aa          , Rd          , Rd          , Rd          , Rd          , Rd          , Rd          , Rd          , Rd          , Aa          , Aa          , Rd          , Chw         , Chw         , Chw         , Rd          , Aa          , Aa          
Chw         , Chw         , 1 Kh        , 2 Chw       , Aa          , Aa          , Aa          , Aa          , Aa          , Aa          , Aa          , Aa          , Aa          , Aa          , Aa          , Aa          , Aa          , Rd          , Rd          , Rd          , Rd          , Rd          , Rd          , Aa          , Aa          , Rd          , Chw         , 3 Kh        , Chw         , Rd          , Aa          , Aa          
Chw         , Chw         , Chw         , Chw         , Aa^Fpa      , Aa          , Aa          , Aa^Vha      , Aa          , Aa          , Ai          , Aa          , Aa          , Aa          , Aa          , Aa          , Aa          , Aa          , Ai          , Rd          , Rd          , Rd          , Rd          , Rd          , Rd          , Rd          , Rd          , Chw         , Rd          , Rd          , Aa          , Aa          
Aa^Fpa      , Aa^Fpa      , Aa^Fpa      , Aa^Fpa      , Aa^Fpa      , Aa^Fpa      , Aa^Fpa      , Aa          , Aa          , Aa          , Aa          , Ai          , Aa          , Aa          , Aa          , Aa          , Aa          , Aa          , Ai          , Rd          , Rd          , Rd          , Rd          , Rd          , Rd          , Aa          , Aa          , Rd          , Aa          , Aa          , Aa          , Aa          
Aa          , Aa          , Aa^Fpa      , Aa^Fpa      , Aa^Fpa      , Aa^Fpa      , Aa^Fpa      , Aa          , Aa          , Aa          , Aa          , Aa          , Aa          , Aa          , Aa          , Aa          , Rd          , Ai          , Ai          , Rd          , Rd          , Rd          , Rd          , Rd          , Rd          , Aa          , Aa          , Aa          , Aa          , Aa^Vha      , Aa          , Aa          
Aa^Fpa      , Aa^Fpa      , Aa^Fpa      , Aa^Fpa      , Aa^Fpa      , Aa^Fpa      , Aa^Fpa      , Aa          , Aa^Fpa      , Aa^Fpa      , Aa^Fpa      , Aa          , Aa          , Aa          , Aa          , Aa          , Rd          , Rd          , Rd          , Rd          , Rd          , Rd          , Rd          , Rd          , Aa          , Aa          , Aa          , Aa          , Aa          , Aa          , Aa          , Aa          
Aa^Fpa      , Aa^Fpa      , Aa^Fpa      , Aa^Fpa      , Aa^Fpa      , Aa^Fpa      , Aa          , Aa^Fpa      , Aa^Fpa      , Aa^Fpa      , Aa^Fpa      , Aa^Fpa      , Aa^Fpa      , Aa          , Aa          , Rd          , Rd          , Rd          , Rd          , Rd          , Rd          , Rd          , Ai          , Aa          , Aa          , Aa          , Rd          , Rd          , Rd          , Aa          , Aa          , Aa          
Aa          , Aa          , Aa^Fpa      , Aa^Fpa      , Aa^Fpa      , Aa          , Aa          , Aa^Fpa      , Aa^Fpa      , Aa^Vea      , Aa^Fpa      , Aa^Fpa      , Aa^Fpa      , Aa          , Ai          , Rd          , Rd          , Rd          , Rd          , Rd          , Rd          , Rd          , Ai          , Rd          , Aa^Vha      , Rd          , Ai          , Rd          , Rd          , Rd          , Aa          , Aa          
Aa^Fpa      , Aa^Fpa      , Aa^Fpa      , Aa^Fpa      , Aa^Fpa      , Aa^Vha      , Aa^Fpa      , Aa^Fpa      , Aa^Fpa      , Aa^Fpa      , Aa          , Aa^Fpa      , Aa          , Aa          , Ai          , Rd          , Rd          , Rd          , Rd          , Rd          , Rd          , Rd          , Rd          , Rd          , Rd          , Ai          , Ai          , Rd          , Rd          , Rd          , Aa          , Aa          
Aa^Fpa      , Aa^Fpa      , Aa^Fpa      , Aa^Fpa      , Aa^Fpa      , Aa^Fpa      , Aa^Fpa      , Aa^Fpa      , Aa^Fpa      , Aa^Fpa      , Aa          , Aa          , Aa          , Aa          , Rd          , Rd          , Rd          , Rd          , Aa          , Aa          , Rd          , Rd          , Chr         , Rd          , Rd          , Rd          , Rd          , Rd          , Rd          , Rd          , Aa          , Aa          
Aa^Fpa      , Aa^Fpa      , Aa^Fpa      , Aa^Fpa      , Aa          , Aa^Fpa      , Aa^Fpa      , Aa^Fpa      , Aa          , Aa          , Aa          , Aa          , Aa          , Aa          , Rd          , Rd          , Rd          , Rd          , Rd          , Rd          , Rd          , Chr         , 6 Kh        , Chr         , Rd          , Rd          , Aa          , Rd          , Aa          , Aa          , Aa          , Aa          
Aa^Fpa      , Aa^Fpa      , Aa^Fpa      , Aa^Fpa      , Aa          , Aa^Fpa      , Aa^Fpa      , Aa^Fpa      , Aa          , Aa          , Aa          , Aa          , Aa          , Aa          , Rd          , Rd          , Rd          , Rd          , Rd          , Rd          , Rd          , Chr         , Chr         , Chr         , Rd          , Rd          , Aa          , Aa          , Aa          , Aa          , Aa          , Aa          
Aa^Fpa      , Aa^Fpa      , Aa^Fpa      , Aa^Fpa      , Aa^Fpa      , Aa^Fpa      , Aa^Fpa      , Aa^Fpa      , Aa^Fpa      , Aa          , Aa          , Aa          , Aa          , Aa          , Aa          , Rd          , Rd          , Rd          , Rd          , Rd          , Rd          , Rd          , Rd          , Rd          , Rd          , Aa          , Aa          , Aa^Vha      , Aa          , Aa          , Rd          , Rd          
Aa^Fpa      , Aa^Fpa      , Aa^Fpa      , Aa^Fpa      , Aa^Fpa      , Aa^Fpa      , Aa^Fpa      , Aa^Fpa      , Aa^Fpa      , Aa          , Aa          , Aa          , Aa          , Aa^Vea      , Aa          , Aa          , Rd          , Rd          , Rd          , Rd          , Rd          , Rd          , Aa          , Rd          , Ai          , Aa          , Aa          , Aa          , Rd          , Rd          , Rd          , Rd          
Aa^Fpa      , Aa^Fpa      , Aa^Fpa      , Aa^Fpa      , Aa          , Aa^Fpa      , Aa^Fpa      , Aa^Fpa      , Aa^Fpa      , Aa          , Aa          , Aa          , Aa          , Aa          , Aa          , Aa          , Rd          , Rd          , Rd          , Rd          , Rd          , Aa          , Rd          , Rd          , Ai          , Rd          , Aa          , Ai          , Ai          , Rd          , Rd          , Rd          
Aa^Fpa      , Aa^Fpa      , Aa          , Aa          , Aa          , Aa          , Aa^Fpa      , Aa^Fpa      , Aa^Fpa      , Ai          , Ai          , Aa          , Aa          , Aa          , Aa          , Aa          , Aa          , Rd          , Ai          , Rd          , Rd          , Rd          , Rd          , Rd          , Ai          , Rd          , Aa          , Aa          , Rd          , Ai          , Rd          , Rd          
Aa          , Aa          , Aa          , Aa^Vea      , Aa^Fpa      , Aa^Fpa      , Aa^Fpa      , Aa^Fpa      , Aa^Fpa      , Aa^Fpa      , Ai          , Aa          , Aa          , Aa          , Aa          , Aa          , Aa          , Ai          , Aa          , Ai          , Rd          , Rd          , Rd          , Rd          , Rd          , Ai          , Aa          , Aa          , Aa          , Rd          , Rd          , Rd          
Aa          , Aa          , Aa^Fpa      , Aa^Fpa      , Aa^Fpa      , Aa^Fpa      , Aa^Fpa      , Aa^Fpa      , Aa^Fpa      , Aa^Fpa      , Aa^Fpa      , Aa          , Aa^Vea      , Aa          , Aa^Fpa      , Aa^Fpa      , Aa^Fpa      , Aa          , Aa          , Rd          , Rd          , Rd          , Rd          , Rd          , Rd          , Ai          , Aa          , Aa          , Aa          , Aa          , Aa          , Aa          
Aa          , Aa          , Aa^Fpa      , Aa^Fpa      , Aa^Fpa      , Aa^Fpa      , Aa^Fpa      , Aa^Fpa      , Aa^Fpa      , Aa^Fpa      , Aa^Fpa      , Aa^Fpa      , Aa^Fpa      , Aa          , Aa^Fpa      , Aa^Fpa      , Aa^Fpa      , Aa          , Aa          , Rd          , Rd          , Rd          , Rd          , Rd          , Rd          , Rd          , Rd          , Aa          , Aa          , Aa          , Aa          , Aa          
Aa          , Aa          , Aa          , Aa^Fpa      , Aa^Fpa      , Aa^Fpa      , Ce          , Aa^Fpa      , Aa^Fpa      , Aa^Fpa      , Aa^Fpa      , Aa^Fpa      , Aa^Fpa      , Aa^Fpa      , Aa^Fpa      , Aa^Fpa      , Aa          , Aa          , Aa          , Ai          , Rd          , Rd          , Rd          , Rd          , Rd          , Rd          , Rd          , Aa          , Aa          , Aa^Vea      , Aa          , Aa          
Aa          , Aa          , Aa          , Aa          , Aa          , Ce          , 4 Ke        , Ce          , Aa^Fpa      , Aa          , Aa^Fpa      , Aa^Fpa      , Aa^Fpa      , Aa^Fpa      , Aa^Fpa      , Aa^Fpa      , Aa          , Aa          , Aa          , Ai          , Ai          , Rd          , Rd          , Rd          , Rd          , Rd          , Rd          , Rd          , Rd          , Aa          , Aa          , Aa          
Aa          , Aa          , Aa^Vha      , Aa          , Aa          , Ce          , Ce          , Ce          , Aa^Fpa      , Aa^Fpa      , Aa^Fpa      , Aa^Fpa      , Aa^Fpa      , Aa^Fpa      , Aa^Fpa      , Aa^Fpa      , Aa          , Aa          , Aa          , Rd          , Rd          , Rd          , Rd          , Rd          , Rd          , Rd          , Rd          , Rd          , Rd          , Aa          , Aa          , Aa          
Aa          , Aa          , Aa          , Aa          , Aa          , Aa          , Aa          , Aa^Fpa      , Ai          , Aa^Fpa      , Aa^Fpa      , Aa^Fpa      , Aa^Fpa      , Aa^Fpa      , Aa          , Aa          , Aa          , Aa          , Aa          , Aa          , Aa          , Rd          , Aa^Vha      , Aa          , Rd          , Rd          , Rd          , Rd          , Rd          , Rd          , Aa          , Aa          
Aa          , Aa          , Aa          , Aa          , Aa          , Aa          , Aa          , Aa          , Aa          , Ai          , Ai          , Aa^Fpa      , Aa^Fpa      , Aa^Fpa      , Aa          , Aa          , Aa^Fpa      , Aa          , Aa          , Aa          , Aa          , Aa          , Aa^Fpa      , Aa          , Ce          , Ce          , Ce          , Rd          , Rd          , Rd          , Aa^Vha      , Aa          
Aa          , Aa          , Aa          , Aa          , Aa          , Aa^Vha      , Aa          , Aa          , Aa          , Aa          , Aa          , Aa^Fpa      , Aa^Fpa      , Aa^Fpa      , Aa^Fpa      , Aa^Fpa      , Aa^Fpa      , Aa^Fpa      , Aa^Fpa      , Aa^Fpa      , Aa^Fpa      , Aa^Fpa      , Aa^Fpa      , Aa^Fpa      , Ce          , 5 Ke        , Ce          , Ai          , Ai          , Rd          , Aa          , Aa          
Aa          , Aa          , Aa          , Aa          , Aa          , Aa          , Aa          , Aa          , Aa          , Aa          , Aa          , Aa^Fpa      , Aa^Fpa      , Aa^Fpa      , Aa^Fpa      , Aa^Fpa      , Aa^Fpa      , Aa^Fpa      , Aa^Fpa      , Aa^Fpa      , Aa^Fpa      , Aa^Fpa      , Aa^Fpa      , Aa^Fpa      , Ai          , Ce          , Ai          , Ai          , Ai          , Ai          , Ai          , Ai          
Aa          , Aa          , Aa          , Aa          , Aa          , Aa          , Aa          , Aa          , Aa          , Aa          , Aa          , Aa^Fpa      , Aa^Fpa      , Aa^Fpa      , Aa^Fpa      , Aa^Fpa      , Aa^Fpa      , Aa^Fpa      , Aa^Fpa      , Aa^Fpa      , Aa^Fpa      , Aa^Fpa      , Aa^Fpa      , Aa^Fpa      , Ai          , Ce          , Ai          , Ai          , Ai          , Ai          , Ai          , Ai          
