border_size=1
usage=map

Mm          , Mm          , Mm          , Mm          , Ha          , Ha          , Mm          , Mm          , Ha          , Re          , Re          , Ha          , Ha          , Mm          , Ha          , Mm          , Ha          , Mm          , Mm          , Mm          , Mm          , Mm          , Mm          , Mm          , Mm          , Mm          , Mm          , Mm          , Mm          , Mm          , Mm          , Mm          
Mm          , Mm          , Mm          , Mm          , Ha          , Ha          , Mm          , Mm          , Ha          , Re          , Re          , Ha          , Ha          , Mm          , Ha          , Mm          , Ha          , Mm          , Mm          , Mm          , Mm          , Mm          , Mm          , Mm          , Mm          , Mm          , Mm          , Mm          , Mm          , Mm          , Mm          , Mm          
Mm          , Mm          , Mm          , Mm          , Ha          , Ha          , Mm          , Uu^Vu       , Ha          , Ha          , Ha          , Aa          , Re          , Ha          , Mm          , Mm          , Ha          , Mm          , Ha          , Ha          , Ha          , Mm          , Mm          , Mm          , Chr         , Mm          , Mm          , Mm          , Mm          , Mm          , Mm          , Mm          
Mm          , Mm          , Chr         , Chr         , Chr         , Ha          , Mm          , Ha          , Mm          , Ha          , Ha          , Ha          , Ha          , Re          , Hh          , Mm          , Ha          , Mm          , Mm          , Ha          , Ha          , Ha          , Ha          , Chr         , 3 Kh        , Chr         , Mm          , Hh          , Mm          , Mm          , Mm          , Mm          
Mm          , Mm          , Chr         , 4 Kh        , Chr         , Mm          , Ha          , Mm          , Ha          , Mm          , Mm          , Ha          , Mm          , Re          , Mm          , Mm          , Mm          , Mm          , Mm          , Mm          , Mm          , Ha          , Ha          , Chr         , Chr         , Chr         , Mm          , Mm          , Mm          , Mm          , Mm          , Mm          
Mm          , Mm          , Mm          , Chr         , Ha          , Mm          , Mm          , Mm          , Mm          , Mm          , Mm          , Mm          , Aa          , Re          , Mm          , Mm          , Ha          , Ha          , Mm          , Mm          , Mm          , Mm          , Mm          , Mm          , Mm          , Mm          , Mm          , Mm          , Uu^Vu       , Mm          , Mm          , Mm          
Mm          , Mm          , Mm          , Mm          , Mm          , Ha          , Mm          , Mm          , Re          , Re          , Re          , Re          , Mm          , Mm          , Mm          , Ha          , Mm          , Mm          , Mm          , Mm          , Ha          , Uu^Vu       , Mm          , Mm          , Mm          , Mm          , Mm          , Mm          , Mm          , Mm          , Mm          , Mm          
Ha          , Ha          , Mm          , Mm          , Ha          , Ha          , Mm          , Aa          , Aa          , Mm          , Mm          , Mm          , Mm          , Uu^Vu       , Mm          , Ha          , Ha          , Mm          , Ha          , Ha          , Ha          , Mm          , Mm          , Mm          , Ha          , Mm          , Mm          , Mm          , Mm          , Mm          , Mm          , Mm          
Mm          , Mm          , Mm          , Ha          , Mm          , Ha          , Mm          , Mm          , Aa          , Mm          , Mm          , Mm          , Mm          , Ha          , Mm          , Ha          , Mm          , Ha          , Mm          , Mm          , Mm          , Mm          , Mm          , Mm          , Mm          , Mm          , Hh          , Mm          , Mm          , Mm          , Mm          , Mm          
Mm          , Mm          , Mm          , Mm          , Ha          , Uu^Vu       , Mm          , Mm          , Mm          , Re          , Aa          , Re          , Re          , Mm          , Mm          , Mm          , Mm          , Mm          , Mm          , Mm          , Mm          , Mm          , Mm          , Uu^Vu       , Mm          , Mm          , Mm          , Mm          , Mm          , Uu^Vu       , Mm          , Mm          
Mm          , Mm          , Hh          , Mm          , Mm          , Ha          , Ha          , Mm          , Ha          , Ha          , Mm          , Mm          , Aa          , Re          , Aa          , Aa          , Re          , Mm          , Mm          , Mm          , Mm          , Mm          , Mm          , Mm          , Mm          , Mm          , Mm          , Mm          , Mm          , Mm          , Mm          , Mm          
Mm          , Mm          , Mm          , Mm          , Mm          , Ha          , Mm          , Ha          , Mm          , Mm          , Mm          , Mm          , Mm          , Re          , Re          , Re          , Re          , Re          , Re          , Mm          , Mm          , Mm          , Mm          , Mm          , Mm          , Mm          , Mm          , Mm          , Hh          , Mm          , Mm          , Mm          
Mm          , Mm          , Mm          , Mm          , Mm          , Mm          , Mm          , Mm          , Mm          , Mm          , Mm          , Mm          , Mm          , Mm          , Mm          , Re          , Re          , Re          , Re          , Re          , Re          , Hh          , Mm          , Mm          , Mm          , Mm          , Mm          , Mm          , Mm          , Mm          , Mm          , Mm          
Mm          , Mm          , Mm          , Mm          , Mm          , Uu^Vu       , Mm          , Mm          , Mm          , Mm          , Mm          , Mm          , Mm          , Mm          , Mm          , Aa          , Mm          , Re          , Re          , Re          , Re          , Re          , Re          , Hh          , Mm          , Mm          , Mm          , Mm          , Mm          , Mm          , Mm          , Mm          
Mm          , Mm          , Mm          , Mm          , Mm          , Mm          , Mm          , Mm          , Mm          , Hh          , Mm          , Mm          , Mm          , Mm          , Mm          , Mm          , Mm          , Hh          , Mm          , Re          , Re          , Re          , Re          , Re          , Re          , Mm          , Mm          , Uu^Vu       , Mm          , Mm          , Mm          , Mm          
Mm          , Mm          , Mm          , Mm          , Mm          , Mm          , Mm          , Mm          , Mm          , Mm          , Mm          , Mm          , Mm          , Mm          , Mm          , Mm          , Mm          , Mm          , Hh          , Mm          , Mm          , Re          , Re          , Re          , Re          , Mm          , Mm          , Mm          , Mm          , Mm          , 2 Mm        , Mm          
Mm          , Mm          , Mm          , Mm          , Mm          , Hh          , Mm          , Mm          , Uu^Vu       , Mm          , Mm          , Mm          , Mm          , Mm          , Mm          , Mm          , Mm          , Mm          , Mm          , Mm          , Mm          , Mm          , Re          , Re          , Re          , Re          , Re          , Mm          , Mm          , Mm          , Mm          , Mm          
Mm          , Mm          , Mm          , Mm          , Mm          , Mm          , Mm          , Mm          , Mm          , Mm          , Mm          , Mm          , Mm          , Uu^Vu       , Mm          , Hh          , Mm          , Mm          , Mm          , Mm          , Mm          , Mm          , Mm          , Re          , Re          , Re          , Re          , Re          , Ce          , Hh          , Re          , Re          
Mm          , Mm          , Mm          , Mm          , Mm          , Mm          , Mm          , Mm          , Mm          , Mm          , Mm          , Mm          , Mm          , Mm          , Mm          , Mm          , Mm          , Mm          , Mm          , Uu^Vu       , Mm          , Mm          , Mm          , Mm          , Mm          , Re          , Re          , Ce          , 1 Ke        , Ce          , Re          , Re          
Mm          , Mm          , Mm          , Mm          , Mm          , Mm          , Mm          , Mm          , Mm          , Mm          , Hh          , Mm          , Mm          , Mm          , Mm          , Mm          , Mm          , Mm          , Mm          , Mm          , Mm          , Mm          , Mm          , Mm          , Mm          , Re          , Re          , Ce          , Ce          , Ce          , Re          , Re          
Mm          , Mm          , Mm          , Mm          , Mm          , Hh          , Mm          , Mm          , Mm          , Mm          , Mm          , Mm          , Mm          , Mm          , Mm          , Mm          , Mm          , Mm          , Mm          , Mm          , Mm          , Mm          , Mm          , Mm          , Mm          , Mm          , Mm          , Hh          , Mm          , Re          , Hh          , Mm          
Mm          , Mm          , Mm          , Mm          , Mm          , Mm          , Mm          , Mm          , Mm          , Mm          , Mm          , Mm          , Mm          , Mm          , Mm          , Mm          , Mm          , Mm          , Mm          , Mm          , Mm          , Mm          , Mm          , Mm          , Mm          , Mm          , Mm          , Mm          , Mm          , Re          , Mm          , Mm          
